---
source: pluma_parser/tests/parse_success.rs
expression: "\"I AM HERE :---)\""
---

=== Source ===
"I AM HERE :---)"

=== Comments ===
{}

=== AST ===
Module(1, 16) [
    TopLevelStatement(1, 16) Expr(
        ExprNode {
            pos: (
                1,
                16,
            ),
            kind: Literal {
                literal: Literal(1, 16) Str("I AM HERE :---)"),
            },
            typ: Unknown,
        },
    ),
]

