---
source: pluma_parser/tests/parse_success.rs
expression: "\"🌝\""
---

=== Source ===
"🌝"

=== Comments ===
{}

=== AST ===
Module(1, 5) [
    TopLevelStatement(1, 5) Expr(
        ExprNode {
            pos: (
                1,
                5,
            ),
            kind: Literal {
                literal: Literal(1, 5) Str("🌝"),
            },
            typ: Unknown,
        },
    ),
]

