---
source: pluma_parser/tests/parse_success.rs
expression: "trait HasNameAndAge\n  . name : String\n  . age : Int"
---

=== Source ===
trait HasNameAndAge
  . name : String
  . age : Int

=== Comments ===
{}

=== AST ===
ModuleNode {
    pos: (
        0,
        51,
    ),
    body: [
        TopLevelStatementNode {
            pos: (
                0,
                51,
            ),
            kind: TypeDef(
                TypeDefNode {
                    pos: (
                        0,
                        51,
                    ),
                    visibility: Public,
                    kind: Trait {
                        fields: [
                            (
                                IdentifierNode {
                                    pos: (
                                        24,
                                        28,
                                    ),
                                    name: "name",
                                },
                                TypeExprNode {
                                    pos: (
                                        31,
                                        37,
                                    ),
                                    kind: Single(
                                        TypeIdentifierNode {
                                            pos: (
                                                31,
                                                37,
                                            ),
                                            name: "String",
                                            generics: [],
                                            constraints: None,
                                        },
                                    ),
                                    typ: Unknown,
                                },
                            ),
                            (
                                IdentifierNode {
                                    pos: (
                                        42,
                                        45,
                                    ),
                                    name: "age",
                                },
                                TypeExprNode {
                                    pos: (
                                        48,
                                        51,
                                    ),
                                    kind: Single(
                                        TypeIdentifierNode {
                                            pos: (
                                                48,
                                                51,
                                            ),
                                            name: "Int",
                                            generics: [],
                                            constraints: None,
                                        },
                                    ),
                                    typ: Unknown,
                                },
                            ),
                        ],
                        methods: [],
                    },
                    name: TypeIdentifierNode {
                        pos: (
                            6,
                            19,
                        ),
                        name: "HasNameAndAge",
                        generics: [],
                        constraints: None,
                    },
                    generic_type_constraints: [],
                },
            ),
        },
    ],
}

