---
source: pluma_parser/tests/parse_success.rs
expression: "if thing then {\n  print \"yep!\"\n} else {\n  print \"nope!\"\n}"
---

=== Source ===
if thing then {
  print "yep!"
} else {
  print "nope!"
}

=== Comments ===
{}

=== AST ===
Module(0, 57) [
    TopLevelStatementNode {
        pos: (
            0,
            57,
        ),
        kind: Expr(
            ExprNode {
                pos: (
                    0,
                    57,
                ),
                kind: Call {
                    call: CallNode {
                        pos: (
                            0,
                            57,
                        ),
                        callee: ExprNode {
                            pos: (
                                0,
                                37,
                            ),
                            kind: MultiPartIdentifier {
                                parts: [
                                    Ident(0, 2) "if",
                                    Ident(9, 13) "then",
                                    Ident(33, 37) "else",
                                ],
                            },
                            typ: Unknown,
                        },
                        args: [
                            ExprNode {
                                pos: (
                                    3,
                                    8,
                                ),
                                kind: Identifier {
                                    ident: Ident(3, 8) "thing",
                                },
                                typ: Unknown,
                            },
                            ExprNode {
                                pos: (
                                    14,
                                    32,
                                ),
                                kind: Block {
                                    block: BlockNode {
                                        pos: (
                                            14,
                                            32,
                                        ),
                                        params: [],
                                        body: [
                                            StatementNode {
                                                pos: (
                                                    18,
                                                    29,
                                                ),
                                                kind: Expr(
                                                    ExprNode {
                                                        pos: (
                                                            18,
                                                            29,
                                                        ),
                                                        kind: Call {
                                                            call: CallNode {
                                                                pos: (
                                                                    18,
                                                                    29,
                                                                ),
                                                                callee: ExprNode {
                                                                    pos: (
                                                                        18,
                                                                        23,
                                                                    ),
                                                                    kind: Identifier {
                                                                        ident: Ident(18, 23) "print",
                                                                    },
                                                                    typ: Unknown,
                                                                },
                                                                args: [
                                                                    ExprNode {
                                                                        pos: (
                                                                            25,
                                                                            29,
                                                                        ),
                                                                        kind: Literal {
                                                                            literal: LiteralNode {
                                                                                pos: (
                                                                                    25,
                                                                                    29,
                                                                                ),
                                                                                kind: Str(
                                                                                    "yep!",
                                                                                ),
                                                                            },
                                                                        },
                                                                        typ: Unknown,
                                                                    },
                                                                ],
                                                                typ: Unknown,
                                                            },
                                                        },
                                                        typ: Unknown,
                                                    },
                                                ),
                                            },
                                        ],
                                    },
                                },
                                typ: Unknown,
                            },
                            ExprNode {
                                pos: (
                                    38,
                                    57,
                                ),
                                kind: Block {
                                    block: BlockNode {
                                        pos: (
                                            38,
                                            57,
                                        ),
                                        params: [],
                                        body: [
                                            StatementNode {
                                                pos: (
                                                    42,
                                                    54,
                                                ),
                                                kind: Expr(
                                                    ExprNode {
                                                        pos: (
                                                            42,
                                                            54,
                                                        ),
                                                        kind: Call {
                                                            call: CallNode {
                                                                pos: (
                                                                    42,
                                                                    54,
                                                                ),
                                                                callee: ExprNode {
                                                                    pos: (
                                                                        42,
                                                                        47,
                                                                    ),
                                                                    kind: Identifier {
                                                                        ident: Ident(42, 47) "print",
                                                                    },
                                                                    typ: Unknown,
                                                                },
                                                                args: [
                                                                    ExprNode {
                                                                        pos: (
                                                                            49,
                                                                            54,
                                                                        ),
                                                                        kind: Literal {
                                                                            literal: LiteralNode {
                                                                                pos: (
                                                                                    49,
                                                                                    54,
                                                                                ),
                                                                                kind: Str(
                                                                                    "nope!",
                                                                                ),
                                                                            },
                                                                        },
                                                                        typ: Unknown,
                                                                    },
                                                                ],
                                                                typ: Unknown,
                                                            },
                                                        },
                                                        typ: Unknown,
                                                    },
                                                ),
                                            },
                                        ],
                                    },
                                },
                                typ: Unknown,
                            },
                        ],
                        typ: Unknown,
                    },
                },
                typ: Unknown,
            },
        ),
    },
]

