---
source: pluma_parser/tests/parse_success.rs
expression: /space digit space/
---

=== Source ===
/space digit space/

=== Comments ===
{}

=== AST ===
Module(0, 19) [
    TopLevelStatementNode {
        pos: (
            0,
            19,
        ),
        kind: Expr(
            ExprNode {
                pos: (
                    0,
                    19,
                ),
                kind: RegExpr {
                    regex: RegExprNode {
                        pos: (
                            0,
                            0,
                        ),
                        kind: Sequence(
                            [
                                RegExprNode {
                                    pos: (
                                        1,
                                        6,
                                    ),
                                    kind: CharacterClass(
                                        "space",
                                    ),
                                },
                                RegExprNode {
                                    pos: (
                                        7,
                                        12,
                                    ),
                                    kind: CharacterClass(
                                        "digit",
                                    ),
                                },
                                RegExprNode {
                                    pos: (
                                        13,
                                        18,
                                    ),
                                    kind: CharacterClass(
                                        "space",
                                    ),
                                },
                            ],
                        ),
                    },
                },
                typ: Unknown,
            },
        ),
    },
]

