---
source: pluma_parser/tests/parse_success.rs
expression: 5 + 5
---

=== Source ===
5 + 5

=== Comments ===
{}

=== AST ===
Module(0, 5) [
    TopLevelStatementNode {
        pos: (
            0,
            5,
        ),
        kind: Expr(
            ExprNode {
                pos: (
                    0,
                    5,
                ),
                kind: BinaryOperation {
                    left: ExprNode {
                        pos: (
                            0,
                            1,
                        ),
                        kind: Literal {
                            literal: LiteralNode {
                                pos: (
                                    0,
                                    1,
                                ),
                                kind: IntDecimal(
                                    5,
                                ),
                            },
                        },
                        typ: Unknown,
                    },
                    op: OperatorNode {
                        pos: (
                            2,
                            3,
                        ),
                        kind: Add,
                    },
                    right: ExprNode {
                        pos: (
                            4,
                            5,
                        ),
                        kind: Literal {
                            literal: LiteralNode {
                                pos: (
                                    4,
                                    5,
                                ),
                                kind: IntDecimal(
                                    5,
                                ),
                            },
                        },
                        typ: Unknown,
                    },
                },
                typ: Unknown,
            },
        ),
    },
]

