---
source: pluma_parser/tests/parse_success.rs
expression: "(\n    1,\n  2\n\n        )"
---

=== Source ===
(
    1,
  2

        )

=== Comments ===
{}

=== AST ===
Module(0, 23) [
    TopLevelStatementNode {
        pos: (
            0,
            23,
        ),
        kind: Expr(
            ExprNode {
                pos: (
                    0,
                    23,
                ),
                kind: UnlabeledTuple {
                    entries: [
                        ExprNode {
                            pos: (
                                6,
                                7,
                            ),
                            kind: Literal {
                                literal: LiteralNode {
                                    pos: (
                                        6,
                                        7,
                                    ),
                                    kind: IntDecimal(
                                        1,
                                    ),
                                },
                            },
                            typ: Unknown,
                        },
                        ExprNode {
                            pos: (
                                11,
                                12,
                            ),
                            kind: Literal {
                                literal: LiteralNode {
                                    pos: (
                                        11,
                                        12,
                                    ),
                                    kind: IntDecimal(
                                        2,
                                    ),
                                },
                            },
                            typ: Unknown,
                        },
                    ],
                },
                typ: Unknown,
            },
        ),
    },
]

