---
source: pluma_parser/tests/parse_success.rs
expression: "(aaa: \"wow\")"
---

=== Source ===
(aaa: "wow")

=== Comments ===
{}

=== AST ===
Module(0, 12) [
    TopLevelStatement(0, 12) Expr(
        ExprNode {
            pos: (
                0,
                12,
            ),
            kind: LabeledTuple {
                entries: [
                    (
                        Ident(1, 4) "aaa",
                        ExprNode {
                            pos: (
                                7,
                                10,
                            ),
                            kind: Literal {
                                literal: Literal(7, 10) Str("wow"),
                            },
                            typ: Unknown,
                        },
                    ),
                ],
            },
            typ: Unknown,
        },
    ),
]

