---
source: pluma_parser/tests/parse_success.rs
expression: "match thing\n  when (a, b) => \"one\"\n  when (1, _) => \"two\"\n  when _ => \"idk\""
---

=== Source ===
match thing
  when (a, b) => "one"
  when (1, _) => "two"
  when _ => "idk"

=== Comments ===
{}

=== AST ===
Module(0, 74) [
    TopLevelStatementNode {
        pos: (
            0,
            74,
        ),
        kind: Expr(
            ExprNode {
                pos: (
                    0,
                    74,
                ),
                kind: Match {
                    match_: MatchNode {
                        pos: (
                            0,
                            74,
                        ),
                        subject: ExprNode {
                            pos: (
                                6,
                                11,
                            ),
                            kind: Identifier {
                                ident: Ident(6, 11) "thing",
                            },
                            typ: Unknown,
                        },
                        cases: [
                            MatchCaseNode {
                                pos: (
                                    14,
                                    33,
                                ),
                                pattern: PatternNode {
                                    pos: (
                                        19,
                                        25,
                                    ),
                                    kind: UnlabeledTuple(
                                        [
                                            PatternNode {
                                                pos: (
                                                    20,
                                                    21,
                                                ),
                                                kind: Identifier(
                                                    Ident(20, 21) "a",
                                                    false,
                                                ),
                                            },
                                            PatternNode {
                                                pos: (
                                                    23,
                                                    24,
                                                ),
                                                kind: Identifier(
                                                    Ident(23, 24) "b",
                                                    false,
                                                ),
                                            },
                                        ],
                                    ),
                                },
                                body: ExprNode {
                                    pos: (
                                        30,
                                        33,
                                    ),
                                    kind: Literal {
                                        literal: LiteralNode {
                                            pos: (
                                                30,
                                                33,
                                            ),
                                            kind: Str(
                                                "one",
                                            ),
                                        },
                                    },
                                    typ: Unknown,
                                },
                            },
                            MatchCaseNode {
                                pos: (
                                    37,
                                    56,
                                ),
                                pattern: PatternNode {
                                    pos: (
                                        42,
                                        48,
                                    ),
                                    kind: UnlabeledTuple(
                                        [
                                            PatternNode {
                                                pos: (
                                                    43,
                                                    44,
                                                ),
                                                kind: Literal(
                                                    LiteralNode {
                                                        pos: (
                                                            43,
                                                            44,
                                                        ),
                                                        kind: IntDecimal(
                                                            1,
                                                        ),
                                                    },
                                                ),
                                            },
                                            PatternNode {
                                                pos: (
                                                    46,
                                                    47,
                                                ),
                                                kind: Underscore,
                                            },
                                        ],
                                    ),
                                },
                                body: ExprNode {
                                    pos: (
                                        53,
                                        56,
                                    ),
                                    kind: Literal {
                                        literal: LiteralNode {
                                            pos: (
                                                53,
                                                56,
                                            ),
                                            kind: Str(
                                                "two",
                                            ),
                                        },
                                    },
                                    typ: Unknown,
                                },
                            },
                            MatchCaseNode {
                                pos: (
                                    60,
                                    74,
                                ),
                                pattern: PatternNode {
                                    pos: (
                                        65,
                                        66,
                                    ),
                                    kind: Underscore,
                                },
                                body: ExprNode {
                                    pos: (
                                        71,
                                        74,
                                    ),
                                    kind: Literal {
                                        literal: LiteralNode {
                                            pos: (
                                                71,
                                                74,
                                            ),
                                            kind: Str(
                                                "idk",
                                            ),
                                        },
                                    },
                                    typ: Unknown,
                                },
                            },
                        ],
                    },
                },
                typ: Unknown,
            },
        ),
    },
]

