---
source: pluma_parser/tests/parse_success.rs
expression: "\"hello\\tworld\""
---

=== Source ===
"hello\tworld"

=== Comments ===
{}

=== AST ===
Module(1, 13) [
    TopLevelStatementNode {
        pos: (
            1,
            13,
        ),
        kind: Expr(
            ExprNode {
                pos: (
                    1,
                    13,
                ),
                kind: Literal {
                    literal: LiteralNode {
                        pos: (
                            1,
                            13,
                        ),
                        kind: Str(
                            "hello\tworld",
                        ),
                    },
                },
                typ: Unknown,
            },
        ),
    },
]

