---
source: pluma_parser/tests/parse_success.rs
expression: "trait HasName . name : String"
---

=== Source ===
trait HasName . name : String

=== Comments ===
{}

=== AST ===
ModuleNode {
    pos: (
        0,
        29,
    ),
    body: [
        TopLevelStatementNode {
            pos: (
                0,
                29,
            ),
            kind: TypeDef(
                TypeDefNode {
                    pos: (
                        0,
                        29,
                    ),
                    visibility: Public,
                    kind: Trait {
                        fields: [
                            (
                                IdentifierNode {
                                    pos: (
                                        16,
                                        20,
                                    ),
                                    name: "name",
                                },
                                TypeExprNode {
                                    pos: (
                                        23,
                                        29,
                                    ),
                                    kind: Single(
                                        TypeIdentifierNode {
                                            pos: (
                                                23,
                                                29,
                                            ),
                                            name: "String",
                                            generics: [],
                                            constraints: None,
                                        },
                                    ),
                                    typ: Unknown,
                                },
                            ),
                        ],
                        methods: [],
                    },
                    name: TypeIdentifierNode {
                        pos: (
                            6,
                            13,
                        ),
                        name: "HasName",
                        generics: [],
                        constraints: None,
                    },
                    generic_type_constraints: [],
                },
            ),
        },
    ],
}

