---
source: pluma_parser/tests/parse_success.rs
expression: "def hello (one : Int, two : String) -> String {\n  |a| a.two\n}"
---

=== Source ===
def hello (one : Int, two : String) -> String {
  |a| a.two
}

=== Comments ===
{}

=== AST ===
ModuleNode {
    pos: (
        0,
        61,
    ),
    body: [
        TopLevelStatementNode {
            pos: (
                0,
                61,
            ),
            kind: Def(
                DefNode {
                    pos: (
                        0,
                        61,
                    ),
                    visibility: Public,
                    kind: Function {
                        signature: [
                            (
                                IdentifierNode {
                                    pos: (
                                        4,
                                        9,
                                    ),
                                    name: "hello",
                                },
                                TypeExprNode {
                                    pos: (
                                        10,
                                        35,
                                    ),
                                    kind: LabeledTuple(
                                        [
                                            (
                                                IdentifierNode {
                                                    pos: (
                                                        11,
                                                        14,
                                                    ),
                                                    name: "one",
                                                },
                                                TypeExprNode {
                                                    pos: (
                                                        17,
                                                        20,
                                                    ),
                                                    kind: Single(
                                                        TypeIdentifierNode {
                                                            pos: (
                                                                17,
                                                                20,
                                                            ),
                                                            name: "Int",
                                                            generics: [],
                                                            constraints: None,
                                                        },
                                                    ),
                                                    typ: Unknown,
                                                },
                                            ),
                                            (
                                                IdentifierNode {
                                                    pos: (
                                                        22,
                                                        25,
                                                    ),
                                                    name: "two",
                                                },
                                                TypeExprNode {
                                                    pos: (
                                                        28,
                                                        34,
                                                    ),
                                                    kind: Single(
                                                        TypeIdentifierNode {
                                                            pos: (
                                                                28,
                                                                34,
                                                            ),
                                                            name: "String",
                                                            generics: [],
                                                            constraints: None,
                                                        },
                                                    ),
                                                    typ: Unknown,
                                                },
                                            ),
                                        ],
                                    ),
                                    typ: Unknown,
                                },
                            ),
                        ],
                    },
                    return_type: Some(
                        TypeExprNode {
                            pos: (
                                39,
                                45,
                            ),
                            kind: Single(
                                TypeIdentifierNode {
                                    pos: (
                                        39,
                                        45,
                                    ),
                                    name: "String",
                                    generics: [],
                                    constraints: None,
                                },
                            ),
                            typ: Unknown,
                        },
                    ),
                    generic_type_constraints: [],
                    block: BlockNode {
                        pos: (
                            46,
                            61,
                        ),
                        params: [
                            PatternNode {
                                pos: (
                                    51,
                                    52,
                                ),
                                kind: Identifier(
                                    IdentifierNode {
                                        pos: (
                                            51,
                                            52,
                                        ),
                                        name: "a",
                                    },
                                    false,
                                ),
                            },
                        ],
                        body: [
                            StatementNode {
                                pos: (
                                    54,
                                    59,
                                ),
                                kind: Expr(
                                    ExprNode {
                                        pos: (
                                            54,
                                            59,
                                        ),
                                        kind: FieldAccess {
                                            receiver: ExprNode {
                                                pos: (
                                                    54,
                                                    55,
                                                ),
                                                kind: Identifier(
                                                    IdentifierNode {
                                                        pos: (
                                                            54,
                                                            55,
                                                        ),
                                                        name: "a",
                                                    },
                                                ),
                                                typ: Unknown,
                                            },
                                            field: IdentifierNode {
                                                pos: (
                                                    56,
                                                    59,
                                                ),
                                                name: "two",
                                            },
                                        },
                                        typ: Unknown,
                                    },
                                ),
                            },
                        ],
                    },
                },
            ),
        },
    ],
}

