---
source: pluma_parser/tests/parse_success.rs
expression: "1 :: Int"
---

=== Source ===
1 :: Int

=== Comments ===
{}

=== AST ===
Module(2, 8) [
    TopLevelStatementNode {
        pos: (
            2,
            8,
        ),
        kind: Expr(
            ExprNode {
                pos: (
                    2,
                    8,
                ),
                kind: TypeAssertion {
                    expr: ExprNode {
                        pos: (
                            0,
                            1,
                        ),
                        kind: Literal {
                            literal: LiteralNode {
                                pos: (
                                    0,
                                    1,
                                ),
                                kind: IntDecimal(
                                    1,
                                ),
                            },
                        },
                        typ: Unknown,
                    },
                    asserted_type: TypeExprNode {
                        pos: (
                            5,
                            8,
                        ),
                        kind: Single(
                            TypeIdentifierNode {
                                pos: (
                                    5,
                                    8,
                                ),
                                name: "Int",
                                generics: [],
                                constraints: None,
                            },
                        ),
                        typ: Unknown,
                    },
                },
                typ: Unknown,
            },
        ),
    },
]

