---
source: pluma_parser/tests/parse_success.rs
expression: "[:]"
---

=== Source ===
[:]

=== Comments ===
{}

=== AST ===
Module(0, 3) [
    TopLevelStatement(0, 3) Expr(
        ExprNode {
            pos: (
                0,
                3,
            ),
            kind: Dict {
                entries: [],
            },
            typ: Unknown,
        },
    ),
]

