---
source: pluma_parser/tests/parse_success.rs
expression: "def hello String {\n  |a| \"wow!\"\n}"
---

=== Source ===
def hello String {
  |a| "wow!"
}

=== Comments ===
{}

=== AST ===
Module(0, 33) [
    TopLevelStatementNode {
        pos: (
            0,
            33,
        ),
        kind: Def(
            DefNode {
                pos: (
                    0,
                    33,
                ),
                visibility: Public,
                kind: Function {
                    signature: [
                        (
                            Ident(4, 9) "hello",
                            TypeExprNode {
                                pos: (
                                    10,
                                    16,
                                ),
                                kind: Single(
                                    TypeIdentifierNode {
                                        pos: (
                                            10,
                                            16,
                                        ),
                                        name: "String",
                                        generics: [],
                                        constraints: None,
                                    },
                                ),
                                typ: Unknown,
                            },
                        ),
                    ],
                },
                return_type: None,
                generic_type_constraints: [],
                block: BlockNode {
                    pos: (
                        17,
                        33,
                    ),
                    params: [
                        PatternNode {
                            pos: (
                                22,
                                23,
                            ),
                            kind: Identifier(
                                Ident(22, 23) "a",
                                false,
                            ),
                        },
                    ],
                    body: [
                        StatementNode {
                            pos: (
                                26,
                                30,
                            ),
                            kind: Expr(
                                ExprNode {
                                    pos: (
                                        26,
                                        30,
                                    ),
                                    kind: Literal {
                                        literal: LiteralNode {
                                            pos: (
                                                26,
                                                30,
                                            ),
                                            kind: Str(
                                                "wow!",
                                            ),
                                        },
                                    },
                                    typ: Unknown,
                                },
                            ),
                        },
                    ],
                },
            },
        ),
    },
]

