---
source: pluma_parser/tests/parse_success.rs
expression: "let Person (mut name, age) = Person (\"Reid\", 26)"
---

=== Source ===
let Person (mut name, age) = Person ("Reid", 26)

=== Comments ===
{}

=== AST ===
Module(0, 48) [
    TopLevelStatementNode {
        pos: (
            0,
            48,
        ),
        kind: Let(
            LetNode {
                pos: (
                    0,
                    48,
                ),
                pattern: PatternNode {
                    pos: (
                        4,
                        26,
                    ),
                    kind: Constructor(
                        Ident(4, 10) "Person",
                        PatternNode {
                            pos: (
                                11,
                                26,
                            ),
                            kind: UnlabeledTuple(
                                [
                                    PatternNode {
                                        pos: (
                                            12,
                                            20,
                                        ),
                                        kind: Identifier(
                                            Ident(16, 20) "name",
                                            true,
                                        ),
                                    },
                                    PatternNode {
                                        pos: (
                                            22,
                                            25,
                                        ),
                                        kind: Identifier(
                                            Ident(22, 25) "age",
                                            false,
                                        ),
                                    },
                                ],
                            ),
                        },
                    ),
                },
                value: ExprNode {
                    pos: (
                        29,
                        48,
                    ),
                    kind: Call {
                        call: CallNode {
                            pos: (
                                29,
                                48,
                            ),
                            callee: ExprNode {
                                pos: (
                                    29,
                                    35,
                                ),
                                kind: Identifier {
                                    ident: Ident(29, 35) "Person",
                                },
                                typ: Unknown,
                            },
                            args: [
                                ExprNode {
                                    pos: (
                                        36,
                                        48,
                                    ),
                                    kind: UnlabeledTuple {
                                        entries: [
                                            ExprNode {
                                                pos: (
                                                    38,
                                                    42,
                                                ),
                                                kind: Literal {
                                                    literal: LiteralNode {
                                                        pos: (
                                                            38,
                                                            42,
                                                        ),
                                                        kind: Str(
                                                            "Reid",
                                                        ),
                                                    },
                                                },
                                                typ: Unknown,
                                            },
                                            ExprNode {
                                                pos: (
                                                    45,
                                                    47,
                                                ),
                                                kind: Literal {
                                                    literal: LiteralNode {
                                                        pos: (
                                                            45,
                                                            47,
                                                        ),
                                                        kind: IntDecimal(
                                                            26,
                                                        ),
                                                    },
                                                },
                                                typ: Unknown,
                                            },
                                        ],
                                    },
                                    typ: Unknown,
                                },
                            ],
                            typ: Unknown,
                        },
                    },
                    typ: Unknown,
                },
            },
        ),
    },
]

