---
source: parser/src/tokenizer_test.rs
expression: "format!(\"{}\\n\\n{:#?}\", source, tokens)"
---
my_name

[
    Identifier(
        0,
        7,
    ),
]
