---
source: parser/src/tokenizer_test.rs
expression: "format!(\"{}\\n\\n{:#?}\", source, tokens)"
---
myName

[
    Identifier(
        0,
        6,
    ),
]
